     1	      IDENTIFICATION DIVISION.							29JAN24 22:27:57  PAGE	  1
     2	      PROGRAM-ID. CHTB-TRANSACTION.
     3	     *AUTHOR. Mondejar
     4	     *INSTALLATION. PUP-MANILA.
     5	     *DATE-WRITTEN. 01/29/2024.
     6	     *DATE-COMPILED. 01/29/2024.
     7	     *SECURITY. BSIT 2-2N ONLY.
     8	     *REMARKS. Assignment.
     9	      ENVIRONMENT DIVISION.
    10	      CONFIGURATION SECTION.
    11	      SOURCE-COMPUTER. Gigavyte-Laptop.
    12	      OBJECT-COMPUTER. Gigavyte-Laptop.
    13	      INPUT-OUTPUT SECTION.
    14	      FILE-CONTROL.
    15            SELECT INFILE ASSIGN TO "china.txt".
    16            SELECT OUTFILE ASSIGN TO "jeiren".
    17	      DATA DIVISION.
    18	      FILE SECTION.
    19	      FD  INFILE
    20		  LABEL RECORD IS STANDARD
    21		  RECORD CONTAINS 45 CHARACTERS
    22		  DATA RECORD IS INREC.
    23	      01  INREC.
    24		  02 ANO PIC X(10).
    25		  02 ANA PIC X(25).
    26		  02 TC PIC X.
    27		  02 AMT PIC 9(7)V99.
    28	      FD  OUTFILE
    29		  LABEL RECORDS ARE OMITTED
    30		  DATA RECORD IS OUTREC.
    31	      01  OUTREC.
    32		  02 FILLER PIC X(80).
    33	      WORKING-STORAGE SECTION.
    34	      01  D PIC 9(7)V99 VALUE ZERO.
    35	      01  W PIC 9(7)V99 VALUE ZERO.
    36	      01  SVANO PIC X(10) VALUE SPACES.
    37	      01  SVANA PIC X(25) VALUE SPACES.
    38	      01  BAL PIC 9(9)V99 VALUE ZERO.
    39	      01  TNR PIC 9 VALUE ZERO.
    40	      01  TBAL PIC 9(10)V99 VALUE ZERO.
    41	      01  EOFSW PIC 9 VALUE ZERO.
    42	      01  HEAD-1.
    43		  02 FILLER PIC X(32) VALUE SPACES.
    44            02 FILLER PIC X(16) VALUE "CHINA TRUST BANK".
    45		  02 FILLER PIC X(32) VALUE SPACES.
    46	      01  HEAD-2.
    47		  02 FILLER PIC X(33) VALUE SPACES.
    48            02 FILLER PIC X(13) VALUE "MAKATI AVENUE".
    49		  02 FILLER PIC X(34) VALUE SPACES.
    50	      01  HEAD-3.
    51		  02 FILLER PIC X(34) VALUE SPACES.
    52            02 FILLER PIC X(11) VALUE "MAKATI CITY".
    53		  02 FILLER PIC X(35) VALUE SPACES.
    54	      01  SUB-1.
    55		  02 FILLER PIC X(32) VALUE SPACES.
    56            02 FILLER PIC X(16) VALUE "ACCOUNTS' REPORT".
    57		  02 FILLER PIC X(32) VALUE SPACES.
    58	      01  SUB-2.
    59		  02 FILLER PIC X(11) VALUE SPACES.
    60            02 FILLER PIC X(7) VALUE "ACCOUNT".    61		  02 FILLER PIC X(8) VALUE SPACES.					29JAN24 22:27:57  PAGE	  2
    62            02 FILLER PIC X(7) VALUE "ACCOUNT".
    63		  02 FILLER PIC X(23) VALUE SPACES.
    64            02 FILLER PIC X(7) VALUE "BALANCE".
    65		  02 FILLER PIC X(17) VALUE SPACES.
    66	      01  SUB-3.
    67		  02 FILLER PIC X(11) VALUE SPACES.
    68            02 FILLER PIC X(6) VALUE "NUMBER".
    69		  02 FILLER PIC X(9) VALUE SPACES.
    70            02 FILLER PIC X(4) VALUE "NAME".
    71		  02 FILLER PIC X(50) VALUE SPACES.
    72	      01  DETAILS.
    73		  02 FILLER PIC X(11) VALUE SPACES.
    74		  02 P-SVANO PIC X(10).
    75		  02 FILLER PIC X(5) VALUE SPACES.
    76		  02 P-SVANA PIC X(25).
    77		  02 FILLER PIC X(5) VALUE SPACES.
    78		  02 P-BAL PIC ZZZ,ZZZ,ZZ9.99.
    79		  02 FILLER PIC X(11) VALUE SPACES.
    80	      01  TOTAL-1.
    81		  02 FILLER PIC X(11) VALUE SPACES.
    82            02 FILLER PIC X(13) VALUE "TOTAL NO. OF ".
    83            02 FILLER PIC X(17) VALUE "RECORDS PRINTED: ".
    84		  02 P-TNR PIC 9.
    85		  02 FILLER PIC X(38) VALUE SPACES.
    86	      01  TOTAL-2.
    87		  02 FILLER PIC X(11) VALUE SPACES.
    88            02 FILLER PIC X(18) VALUE "TOTAL ACCUMULATED ".
    89            02 FILLER PIC X(11) VALUE "BALANCE: P ".
    90		  02 P-TBAL PIC Z,ZZZ,ZZZ,ZZ9.99.
    91		  02 FILLER PIC X(25) VALUE SPACES.
    92	      SCREEN SECTION.
    93	      01  SCRE.
    94		  02 BLANK SCREEN.
    95	      PROCEDURE DIVISION.
    96	      MAIN-RTN.
    97		  PERFORM INIT-RTN THRU INIT-RTN-END.
    98		  PERFORM PROCESS-RTN UNTIL EOFSW = 1.
    99		  PERFORM FINISH-RTN.
   100		  STOP RUN.
   101	      INIT-RTN.
   102		  OPEN INPUT INFILE, OUTPUT OUTFILE.
   103		  READ INFILE AT END PERFORM END-RTN
   104		  GO TO INIT-RTN-END.
   105		  MOVE ANO TO SVANO.
   106		  MOVE ANA TO SVANA.
   107		  PERFORM HEADING-RTN.
   108	      INIT-RTN-END.
   109	      END-RTN.
   110		  MOVE 1 TO EOFSW.
   111            DISPLAY "EMPTY FILE" LINE 3 COLUMN 20.
   112	      HEADING-RTN.
   113		  WRITE OUTREC FROM HEAD-1 AFTER PAGE.
   114		  WRITE OUTREC FROM HEAD-2 AFTER 1.
   115		  WRITE OUTREC FROM HEAD-3 AFTER 1.
   116		  WRITE OUTREC FROM SUB-1 AFTER 3.
   117		  WRITE OUTREC FROM SUB-2 AFTER 2.
   118		  WRITE OUTREC FROM SUB-3 AFTER 1.
   119	      PROCESS-RTN.
   120		  DISPLAY SCRE.   121		  IF SVANO NOT = ANO AND SVANA NOT = ANA				29JAN24 22:27:57  PAGE	  3
   122		  PERFORM BREAK-RTN
   123		  ELSE NEXT SENTENCE.
   124            IF TC = 'D' OR 'd' ADD AMT TO D.
   125            IF TC = 'W' OR 'w' ADD AMT TO W
   126		  ELSE NEXT SENTENCE.
   127		  READ INFILE AT END MOVE 1 TO EOFSW
   128		  PERFORM BREAK-RTN.
   129	      BREAK-RTN.
   130		  COMPUTE BAL = D - W.
   131		  MOVE SVANO TO P-SVANO.
   132		  MOVE SVANA TO P-SVANA.
   133		  MOVE BAL TO P-BAL.
   134		  WRITE OUTREC FROM DETAILS AFTER 1.
   135		  ADD BAL TO TBAL.
   136		  ADD 1 TO TNR.
   137		  MOVE 0 TO BAL, D, W.
   138		  MOVE ANO TO SVANO.
   139		  MOVE ANA TO SVANA.
   140	      FINISH-RTN.
   141		  MOVE TNR TO P-TNR.
   142		  MOVE TBAL TO P-TBAL.
   143		  WRITE OUTREC FROM TOTAL-1 AFTER 3.
   144		  WRITE OUTREC FROM TOTAL-2 AFTER 1.
   145		  CLOSE INFILE, OUTFILE.
   146            DISPLAY "PROGRAM HAS BEEN EXECUTED!" LINE 6 COLUMN 20.
Realia COBOL Version 4.000   SN: 01-07732  C:CHIBANK.COB				29JAN24 22:27:57  PAGE	  4



				    Segment Table
			Segment    Number     Length	    Name

			  C00	     05        04D3	 CHTB$TRANSACTION$C00
			  D00	     06        05C0	 CHTB$TRANSACTION$D00


			Realia COBOL Compiler Version Information

			      Pass 1	 Version 4.059
			      Pass 1a	 Version 4.025
			      Pass 2	 Version 4.059
			      Pass 2a	 Version 4.024
			      Pass 3	 Version 4.083
			      Pass 4	 Version 4.028


			Compilation Directives in Effect

				    COMP-4
				    NODCHK
				      OPT
				    NOCALL
				    NOSUBCHK
				      STRCHK
				      ANSITRUNC
				    NOSMALLCOMP
				    NODCALL
				    NODIVZERO
				    NOEPDCALL
				      APOST
				      ASCII
				      STATABORT
				      MOVELINK
				    NOBLL4K
				      ARGCHK
				      UPLOW
				      WRITEAFTER
				      SOSI
				      DIALECT-REALIA4

				    ERROR LEVEL LIMIT: W

			Source lines compiled:	     146
			Compilation time (mm:ss.hh):  0:01.97
			Compilation speed (lines/minute):  4446

			Compilation date (yy/mm/dd): 24/01/29
			     Time of day (hh:mm:ss): 22:27:58

			Source length in LST file:000005817